// Jest Snapshot v1, https://goo.gl/fbAQLP

exports[`<ShowsCard /> component should display the show name 1`] = `
"<div class=\\"sc-gtsrHT bIKyIJ\\"><a href=\\"/show/9999\\">
    <div class=\\"sc-dlnjwi dSLfkV\\"><img src=\\"https://www.screwfix.com/images/CAT145B/assets/gfx/145b_summer2_makita_twin_hw_lg.png\\" alt=\\"Show Title\\" class=\\"sc-hKFxyN dESwMp\\"><img class=\\"main\\" src=\\"https://www.screwfix.com/images/CAT145B/assets/gfx/145b_summer2_makita_twin_hw_lg.png\\" alt=\\"Show Title\\"></div>
    <h4>Show Title</h4>
  </a></div>"
`;
